Dev Environment Auditor "test-version"
Read-only scan: "2026-09-02T20:00:00Z" -> "2026-09-02T20:00:01Z"
Age policy: ANCIENNE after 180 days using trusted last-use evidence only
Roots (2):
  - "/work/a"
  - "/work/z"
Summary: 1 projects, 1 requirements, 1 resources, 1 diagnostics
Relations HOST: MATCHED=1 MISSING=0 AMBIGUOUS=0 UNKNOWN=0
Relations DOCKER: MATCHED=1 MISSING=0 AMBIGUOUS=0 UNKNOWN=0
Relations DOCKER_DAEMON: MATCHED=0 MISSING=0 AMBIGUOUS=0 UNKNOWN=0
Resources: REFERENCED=1 NO_REFERENCE_FOUND=0 UNKNOWN=0
Classifications: UTILISEE=1 RECONSTRUCTIBLE=0 ANCIENNE=0 ORPHELINE_PROBABLE=0 SENSIBLE=0 INCONNUE=0

Projects (1):
- [FLUTTER] "/work/app" (id="project-one")
    - [HOST:MATCHED DOCKER:MATCHED] "flutter"/"flutter_sdk" constraint="3.35.0" confidence=REQUIRED_EXPLICITLY -> "/sdk/flutter"

Local inventory resources (1):
- [REFERENCED] "flutter"/"flutter_sdk" version="3.35.0" observed_size=2.0 KiB potentially_reclaimable=unknown
    path="/sdk/flutter" id="resource-one"
    classifications=UTILISEE

Diagnostics (1):
- [INFO] "TEST_INFO" scope="test": "fixture diagnostic" path="/work/app"

Safety: NO_REFERENCE_FOUND means no reference was found in the analyzed coverage; it never means safe to delete. Classifications and potentially reclaimable space are observations, not cleanup recommendations.
