◆ dev-audit  scan
  READ ONLY · test-version · completed in 1.0s
  Scope: 2 roots · old after 180 days

OVERVIEW
  1 project · 1 requirement · 1 resource · 1 diagnostic
  Relations  ✓ 2 matched  ✗ 0 missing  ! 0 ambiguous  ? 0 unknown
  Resources  ✓ 1 used  ? 0 unknown  ! 0 sensitive  ○ 0 probable orphan

ENVIRONMENTS
  HOST             ✓ 1 matched  ✗ 0 missing  ! 0 ambiguous  ? 0 unknown
  DOCKER           ✓ 1 matched  ✗ 0 missing  ! 0 ambiguous  ? 0 unknown
  DOCKER_DAEMON    ✓ 0 matched  ✗ 0 missing  ! 0 ambiguous  ? 0 unknown
  Resources        ✓ 1 referenced  ○ 0 no reference  ? 0 unknown

PROJECTS  1
  ✓ /work/app
    FLUTTER · 1 requirement · 2 matched · 0 missing · 0 unknown

LARGEST RESOURCES  1
  ✓ 2.0 KiB    flutter/flutter_sdk · 3.35.0
    /sdk/flutter
    UTILISEE · REFERENCED · resource-one

DIAGNOSTICS  1
  ✓ No warnings or errors · 1 informational hidden

NEXT
  Export evidence   dev-audit scan --format json --output audit.json
  Inspect an item   dev-audit explain --report audit.json <id>
  Show everything   dev-audit scan --verbose

SAFETY
  NO_REFERENCE_FOUND means no reference was found in the analyzed coverage.
  It never means safe to delete. Classifications and reclaimable space are observations, not cleanup recommendations.
